logggggggg
